core_cm4.h:1535:22:NVIC_SetPriority	16	static
core_cm4.h:1662:26:SysTick_Config	16	static
main.c:113:6:systick_Init	8	static
main.c:120:6:delay_us	16	static
main.c:127:6:LCD_Write	16	static
main.c:150:6:LCD_Write_Instruction	16	static
main.c:165:6:LCD_Write_Char	16	static
main.c:180:6:LCD_Write_String	24	static
main.c:193:6:LCD_Init	8	static
main.c:249:6:LCD_GPIO_Init	56	static
main.c:299:6:GPA_BUTTON_Init	16	static
main.c:319:6:EXTI_Init_GPAButton	24	static
main.c:354:6:GPB_BUTTON_Init	16	static
main.c:374:6:EXTI_Init_GPBButton	24	static
main.c:408:6:EXTI1_IRQHandler	16	static
main.c:431:6:EXTI2_IRQHandler	16	static
main.c:454:6:gameSetup	56	static
main.c:550:5:main	32	static
main.c:993:6:EVAL_AUDIO_TransferComplete_CallBack	16	static
main.c:1002:10:EVAL_AUDIO_GetSampleCallBack	4	static
